2026-10-09 06:17:22: Server: SSH-2.0-OpenSSH_9.6p1 Ubuntu-3ubuntu13.19
2026-10-09 06:17:22: Server KEXes: sntrup761x25519-sha512@openssh.com,curve25519-sha256,curve25519-sha256@libssh.org,ecdh-sha2-nistp256,ecdh-sha2-nistp384,ecdh-sha2-nistp521,diffie-hellman-group-exchange-sha256,diffie-hellman-group16-sha512,diffie-hellman-group18-sha512,diffie-hellman-group14-sha256,ext-info-s,kex-strict-s-v00@openssh.com
2026-10-09 06:17:22: Server Host Keys: rsa-sha2-512,rsa-sha2-256,ecdsa-sha2-nistp256,ssh-ed25519
2026-10-09 06:17:22: Chosen Host Key: ssh-ed25519
2026-10-09 06:17:22: Ciphers: chacha20-poly1305@openssh.com,aes128-ctr,aes192-ctr,aes256-ctr,aes128-gcm@openssh.com,aes256-gcm@openssh.com
2026-10-09 06:17:22: MACs: umac-64-etm@openssh.com,umac-128-etm@openssh.com,hmac-sha2-256-etm@openssh.com,hmac-sha2-512-etm@openssh.com,hmac-sha1-etm@openssh.com,umac-64@openssh.com,umac-128@openssh.com,hmac-sha2-256,hmac-sha2-512,hmac-sha1
2026-10-09 06:17:22: Server ext-info: publickey-hostbound@openssh.com: 0
2026-10-09 06:17:22: Server ext-info: server-sig-algs: ssh-ed25519,ecdsa-sha2-nistp256,ecdsa-sha2-nistp384,ecdsa-sha2-nistp521,sk-ssh-ed25519@openssh.com,sk-ecdsa-sha2-nistp256@openssh.com,rsa-sha2-512,rsa-sha2-256
2026-10-09 06:17:22: Server ext-info: ping@openssh.com: 0
2026-10-09 06:17:22: Auth: start: publickey
2026-10-09 06:17:22: Auth: publickey: no keys available
2026-10-09 06:17:22: Auth: start: password
2026-10-09 06:17:23: -- Analysis Started by On File Change Incremental
2026-10-09 06:17:24: Changes: 11, Conflicts: 0, CopyTime: 0, FixState: 0, Errors: 0, All: 115
2026-10-09 06:17:24: Left to Right: Copy File: 11 
2026-10-09 06:17:24: == Sync Started by On File Change Incremental
2026-10-09 06:17:24: ConnectCloned connected to file:///~grabacr/VPSsync/01-WorkspaceSync/modelica-shared/CustomLib/GroundVehicleDynamics
2026-10-09 06:17:24: ConnectCloned connected to file:///~grabacr/VPSsync/01-WorkspaceSync/modelica-shared/CustomLib/GroundVehicleDynamics
2026-10-09 06:17:24: ConnectCloned connected to file:///~grabacr/VPSsync/01-WorkspaceSync/modelica-shared/CustomLib/GroundVehicleDynamics
2026-10-09 06:17:24: Server: SSH-2.0-OpenSSH_9.6p1 Ubuntu-3ubuntu13.19
2026-10-09 06:17:24: Server: SSH-2.0-OpenSSH_9.6p1 Ubuntu-3ubuntu13.19
2026-10-09 06:17:24: Server: SSH-2.0-OpenSSH_9.6p1 Ubuntu-3ubuntu13.19
2026-10-09 06:17:24: Server KEXes: sntrup761x25519-sha512@openssh.com,curve25519-sha256,curve25519-sha256@libssh.org,ecdh-sha2-nistp256,ecdh-sha2-nistp384,ecdh-sha2-nistp521,diffie-hellman-group-exchange-sha256,diffie-hellman-group16-sha512,diffie-hellman-group18-sha512,diffie-hellman-group14-sha256,ext-info-s,kex-strict-s-v00@openssh.com
2026-10-09 06:17:24: Server Host Keys: rsa-sha2-512,rsa-sha2-256,ecdsa-sha2-nistp256,ssh-ed25519
2026-10-09 06:17:24: Chosen Host Key: ssh-ed25519
2026-10-09 06:17:24: Server KEXes: sntrup761x25519-sha512@openssh.com,curve25519-sha256,curve25519-sha256@libssh.org,ecdh-sha2-nistp256,ecdh-sha2-nistp384,ecdh-sha2-nistp521,diffie-hellman-group-exchange-sha256,diffie-hellman-group16-sha512,diffie-hellman-group18-sha512,diffie-hellman-group14-sha256,ext-info-s,kex-strict-s-v00@openssh.com
2026-10-09 06:17:24: Server Host Keys: rsa-sha2-512,rsa-sha2-256,ecdsa-sha2-nistp256,ssh-ed25519
2026-10-09 06:17:24: Chosen Host Key: ssh-ed25519
2026-10-09 06:17:24: Ciphers: chacha20-poly1305@openssh.com,aes128-ctr,aes192-ctr,aes256-ctr,aes128-gcm@openssh.com,aes256-gcm@openssh.com
2026-10-09 06:17:24: MACs: umac-64-etm@openssh.com,umac-128-etm@openssh.com,hmac-sha2-256-etm@openssh.com,hmac-sha2-512-etm@openssh.com,hmac-sha1-etm@openssh.com,umac-64@openssh.com,umac-128@openssh.com,hmac-sha2-256,hmac-sha2-512,hmac-sha1
2026-10-09 06:17:24: Ciphers: chacha20-poly1305@openssh.com,aes128-ctr,aes192-ctr,aes256-ctr,aes128-gcm@openssh.com,aes256-gcm@openssh.com
2026-10-09 06:17:24: MACs: umac-64-etm@openssh.com,umac-128-etm@openssh.com,hmac-sha2-256-etm@openssh.com,hmac-sha2-512-etm@openssh.com,hmac-sha1-etm@openssh.com,umac-64@openssh.com,umac-128@openssh.com,hmac-sha2-256,hmac-sha2-512,hmac-sha1
2026-10-09 06:17:24: Server KEXes: sntrup761x25519-sha512@openssh.com,curve25519-sha256,curve25519-sha256@libssh.org,ecdh-sha2-nistp256,ecdh-sha2-nistp384,ecdh-sha2-nistp521,diffie-hellman-group-exchange-sha256,diffie-hellman-group16-sha512,diffie-hellman-group18-sha512,diffie-hellman-group14-sha256,ext-info-s,kex-strict-s-v00@openssh.com
2026-10-09 06:17:24: Server Host Keys: rsa-sha2-512,rsa-sha2-256,ecdsa-sha2-nistp256,ssh-ed25519
2026-10-09 06:17:24: Chosen Host Key: ssh-ed25519
2026-10-09 06:17:24: Ciphers: chacha20-poly1305@openssh.com,aes128-ctr,aes192-ctr,aes256-ctr,aes128-gcm@openssh.com,aes256-gcm@openssh.com
2026-10-09 06:17:24: MACs: umac-64-etm@openssh.com,umac-128-etm@openssh.com,hmac-sha2-256-etm@openssh.com,hmac-sha2-512-etm@openssh.com,hmac-sha1-etm@openssh.com,umac-64@openssh.com,umac-128@openssh.com,hmac-sha2-256,hmac-sha2-512,hmac-sha1
2026-10-09 06:17:24: Server ext-info: publickey-hostbound@openssh.com: 0
2026-10-09 06:17:24: Server ext-info: server-sig-algs: ssh-ed25519,ecdsa-sha2-nistp256,ecdsa-sha2-nistp384,ecdsa-sha2-nistp521,sk-ssh-ed25519@openssh.com,sk-ecdsa-sha2-nistp256@openssh.com,rsa-sha2-512,rsa-sha2-256
2026-10-09 06:17:24: Server ext-info: ping@openssh.com: 0
2026-10-09 06:17:24: Server ext-info: publickey-hostbound@openssh.com: 0
2026-10-09 06:17:24: Server ext-info: server-sig-algs: ssh-ed25519,ecdsa-sha2-nistp256,ecdsa-sha2-nistp384,ecdsa-sha2-nistp521,sk-ssh-ed25519@openssh.com,sk-ecdsa-sha2-nistp256@openssh.com,rsa-sha2-512,rsa-sha2-256
2026-10-09 06:17:24: Server ext-info: ping@openssh.com: 0
2026-10-09 06:17:24: Server ext-info: publickey-hostbound@openssh.com: 0
2026-10-09 06:17:24: Server ext-info: server-sig-algs: ssh-ed25519,ecdsa-sha2-nistp256,ecdsa-sha2-nistp384,ecdsa-sha2-nistp521,sk-ssh-ed25519@openssh.com,sk-ecdsa-sha2-nistp256@openssh.com,rsa-sha2-512,rsa-sha2-256
2026-10-09 06:17:24: Server ext-info: ping@openssh.com: 0
2026-10-09 06:17:24: Auth: start: publickey
2026-10-09 06:17:24: Auth: start: publickey
2026-10-09 06:17:24: Auth: start: publickey
2026-10-09 06:17:24: Auth: publickey: no keys available
2026-10-09 06:17:24: Auth: publickey: no keys available
2026-10-09 06:17:24: Auth: publickey: no keys available
2026-10-09 06:17:24: Auth: start: password
2026-10-09 06:17:24: Auth: start: password
2026-10-09 06:17:24: Auth: start: password
2026-10-09 06:17:25: GsConnectAndSetRoot1 connected to sftp://os3-310-44666.vs.sakura.ne.jp/home/ubuntu/VPSsync/01-WorkspaceSync/modelica-shared/CustomLib/GroundVehicleDynamics
2026-10-09 06:17:25: GsConnectAndSetRoot1 connected to sftp://os3-310-44666.vs.sakura.ne.jp/home/ubuntu/VPSsync/01-WorkspaceSync/modelica-shared/CustomLib/GroundVehicleDynamics
2026-10-09 06:17:25: GsConnectAndSetRoot1 connected to sftp://os3-310-44666.vs.sakura.ne.jp/home/ubuntu/VPSsync/01-WorkspaceSync/modelica-shared/CustomLib/GroundVehicleDynamics
2026-10-09 06:17:25: Copy New 'C:/Users/grabacr/VPSsync/01-WorkspaceSync/modelica-shared/CustomLib/GroundVehicleDynamics/Examples/Projects/Panjan/TerrainData/tableGrd_z_xy_wave_2[10].stl' -> 'sftp://os3-310-44666.vs.sakura.ne.jp/home/ubuntu/VPSsync/01-WorkspaceSync/modelica-shared/CustomLib/GroundVehicleDynamics/Examples/Projects/Panjan/TerrainData/tableGrd_z_xy_wave_2[10].stl' (25,082)
2026-10-09 06:17:25: Copy Over 'C:/Users/grabacr/VPSsync/01-WorkspaceSync/modelica-shared/CustomLib/GroundVehicleDynamics/Examples/Projects/Panjan/TerrainData/tableGrd_z_xy_wave_2.txt' -> 'sftp://os3-310-44666.vs.sakura.ne.jp/home/ubuntu/VPSsync/01-WorkspaceSync/modelica-shared/CustomLib/GroundVehicleDynamics/Examples/Projects/Panjan/TerrainData/tableGrd_z_xy_wave_2.txt' (1,956)
2026-10-09 06:17:26: Copy New 'C:/Users/grabacr/VPSsync/01-WorkspaceSync/modelica-shared/CustomLib/GroundVehicleDynamics/Examples/Projects/Panjan/TerrainData/tableGrd_z_xy_wave_2[1].stl' -> 'sftp://os3-310-44666.vs.sakura.ne.jp/home/ubuntu/VPSsync/01-WorkspaceSync/modelica-shared/CustomLib/GroundVehicleDynamics/Examples/Projects/Panjan/TerrainData/tableGrd_z_xy_wave_2[1].stl' (125,214)
2026-10-09 06:17:26: Copy New 'C:/Users/grabacr/VPSsync/01-WorkspaceSync/modelica-shared/CustomLib/GroundVehicleDynamics/Examples/Projects/Panjan/TerrainData/tableGrd_z_xy_wave_2[2].stl' -> 'sftp://os3-310-44666.vs.sakura.ne.jp/home/ubuntu/VPSsync/01-WorkspaceSync/modelica-shared/CustomLib/GroundVehicleDynamics/Examples/Projects/Panjan/TerrainData/tableGrd_z_xy_wave_2[2].stl' (35,813)
2026-10-09 06:17:26: Copy New 'C:/Users/grabacr/VPSsync/01-WorkspaceSync/modelica-shared/CustomLib/GroundVehicleDynamics/Examples/Projects/Panjan/TerrainData/tableGrd_z_xy_wave_2[4].stl' -> 'sftp://os3-310-44666.vs.sakura.ne.jp/home/ubuntu/VPSsync/01-WorkspaceSync/modelica-shared/CustomLib/GroundVehicleDynamics/Examples/Projects/Panjan/TerrainData/tableGrd_z_xy_wave_2[4].stl' (34,163)
2026-10-09 06:17:26: Copy New 'C:/Users/grabacr/VPSsync/01-WorkspaceSync/modelica-shared/CustomLib/GroundVehicleDynamics/Examples/Projects/Panjan/TerrainData/tableGrd_z_xy_wave_2[3].stl' -> 'sftp://os3-310-44666.vs.sakura.ne.jp/home/ubuntu/VPSsync/01-WorkspaceSync/modelica-shared/CustomLib/GroundVehicleDynamics/Examples/Projects/Panjan/TerrainData/tableGrd_z_xy_wave_2[3].stl' (39,265)
2026-10-09 06:17:26: Copy New 'C:/Users/grabacr/VPSsync/01-WorkspaceSync/modelica-shared/CustomLib/GroundVehicleDynamics/Examples/Projects/Panjan/TerrainData/tableGrd_z_xy_wave_2[5].stl' -> 'sftp://os3-310-44666.vs.sakura.ne.jp/home/ubuntu/VPSsync/01-WorkspaceSync/modelica-shared/CustomLib/GroundVehicleDynamics/Examples/Projects/Panjan/TerrainData/tableGrd_z_xy_wave_2[5].stl' (26,685)
2026-10-09 06:17:26: Copy New 'C:/Users/grabacr/VPSsync/01-WorkspaceSync/modelica-shared/CustomLib/GroundVehicleDynamics/Examples/Projects/Panjan/TerrainData/tableGrd_z_xy_wave_2[7].stl' -> 'sftp://os3-310-44666.vs.sakura.ne.jp/home/ubuntu/VPSsync/01-WorkspaceSync/modelica-shared/CustomLib/GroundVehicleDynamics/Examples/Projects/Panjan/TerrainData/tableGrd_z_xy_wave_2[7].stl' (18,924)
2026-10-09 06:17:26: Copy New 'C:/Users/grabacr/VPSsync/01-WorkspaceSync/modelica-shared/CustomLib/GroundVehicleDynamics/Examples/Projects/Panjan/TerrainData/tableGrd_z_xy_wave_2[6].stl' -> 'sftp://os3-310-44666.vs.sakura.ne.jp/home/ubuntu/VPSsync/01-WorkspaceSync/modelica-shared/CustomLib/GroundVehicleDynamics/Examples/Projects/Panjan/TerrainData/tableGrd_z_xy_wave_2[6].stl' (42,089)
2026-10-09 06:17:26: Copy New 'C:/Users/grabacr/VPSsync/01-WorkspaceSync/modelica-shared/CustomLib/GroundVehicleDynamics/Examples/Projects/Panjan/TerrainData/tableGrd_z_xy_wave_2[8].stl' -> 'sftp://os3-310-44666.vs.sakura.ne.jp/home/ubuntu/VPSsync/01-WorkspaceSync/modelica-shared/CustomLib/GroundVehicleDynamics/Examples/Projects/Panjan/TerrainData/tableGrd_z_xy_wave_2[8].stl' (34,254)
2026-10-09 06:17:26: Copy New 'C:/Users/grabacr/VPSsync/01-WorkspaceSync/modelica-shared/CustomLib/GroundVehicleDynamics/Examples/Projects/Panjan/TerrainData/tableGrd_z_xy_wave_2[9].stl' -> 'sftp://os3-310-44666.vs.sakura.ne.jp/home/ubuntu/VPSsync/01-WorkspaceSync/modelica-shared/CustomLib/GroundVehicleDynamics/Examples/Projects/Panjan/TerrainData/tableGrd_z_xy_wave_2[9].stl' (17,046)
2026-10-09 06:17:26: Save State File C:/Users/grabacr/VPSsync/01-WorkspaceSync/modelica-shared/CustomLib/GroundVehicleDynamics/_gsdata_/_file_state_v4._gs
2026-10-09 06:17:26: Save State File sftp://os3-310-44666.vs.sakura.ne.jp/home/ubuntu/VPSsync/01-WorkspaceSync/modelica-shared/CustomLib/GroundVehicleDynamics/_gsdata_/_file_state_v4._gs
2026-10-09 06:17:28: == Sync Complete. Time: 00:00:04, Speed: 0.00/s, OK: 11, Errors: 0
