2026-10-09 06:20:49: Server: SSH-2.0-OpenSSH_9.6p1 Ubuntu-3ubuntu13.19
2026-10-09 06:20:49: Server KEXes: sntrup761x25519-sha512@openssh.com,curve25519-sha256,curve25519-sha256@libssh.org,ecdh-sha2-nistp256,ecdh-sha2-nistp384,ecdh-sha2-nistp521,diffie-hellman-group-exchange-sha256,diffie-hellman-group16-sha512,diffie-hellman-group18-sha512,diffie-hellman-group14-sha256,ext-info-s,kex-strict-s-v00@openssh.com
2026-10-09 06:20:49: Server Host Keys: rsa-sha2-512,rsa-sha2-256,ecdsa-sha2-nistp256,ssh-ed25519
2026-10-09 06:20:49: Chosen Host Key: ssh-ed25519
2026-10-09 06:20:49: Ciphers: chacha20-poly1305@openssh.com,aes128-ctr,aes192-ctr,aes256-ctr,aes128-gcm@openssh.com,aes256-gcm@openssh.com
2026-10-09 06:20:49: MACs: umac-64-etm@openssh.com,umac-128-etm@openssh.com,hmac-sha2-256-etm@openssh.com,hmac-sha2-512-etm@openssh.com,hmac-sha1-etm@openssh.com,umac-64@openssh.com,umac-128@openssh.com,hmac-sha2-256,hmac-sha2-512,hmac-sha1
2026-10-09 06:20:49: Server ext-info: publickey-hostbound@openssh.com: 0
2026-10-09 06:20:49: Server ext-info: server-sig-algs: ssh-ed25519,ecdsa-sha2-nistp256,ecdsa-sha2-nistp384,ecdsa-sha2-nistp521,sk-ssh-ed25519@openssh.com,sk-ecdsa-sha2-nistp256@openssh.com,rsa-sha2-512,rsa-sha2-256
2026-10-09 06:20:49: Server ext-info: ping@openssh.com: 0
2026-10-09 06:20:49: Auth: start: publickey
2026-10-09 06:20:49: Auth: publickey: no keys available
2026-10-09 06:20:49: Auth: start: password
2026-10-09 06:20:50: -- Analysis Started by On File Change Incremental
2026-10-09 06:20:51: Changes: 10, Conflicts: 0, CopyTime: 0, FixState: 0, Errors: 0, All: 115
2026-10-09 06:20:51: Left to Right: Copy File: 10 
2026-10-09 06:20:51: == Sync Started by On File Change Incremental
2026-10-09 06:20:51: ConnectCloned connected to file:///~grabacr/VPSsync/01-WorkspaceSync/modelica-shared/CustomLib/GroundVehicleDynamics
2026-10-09 06:20:51: ConnectCloned connected to file:///~grabacr/VPSsync/01-WorkspaceSync/modelica-shared/CustomLib/GroundVehicleDynamics
2026-10-09 06:20:51: ConnectCloned connected to file:///~grabacr/VPSsync/01-WorkspaceSync/modelica-shared/CustomLib/GroundVehicleDynamics
2026-10-09 06:20:51: Server: SSH-2.0-OpenSSH_9.6p1 Ubuntu-3ubuntu13.19
2026-10-09 06:20:51: Server: SSH-2.0-OpenSSH_9.6p1 Ubuntu-3ubuntu13.19
2026-10-09 06:20:51: Server: SSH-2.0-OpenSSH_9.6p1 Ubuntu-3ubuntu13.19
2026-10-09 06:20:51: Server KEXes: sntrup761x25519-sha512@openssh.com,curve25519-sha256,curve25519-sha256@libssh.org,ecdh-sha2-nistp256,ecdh-sha2-nistp384,ecdh-sha2-nistp521,diffie-hellman-group-exchange-sha256,diffie-hellman-group16-sha512,diffie-hellman-group18-sha512,diffie-hellman-group14-sha256,ext-info-s,kex-strict-s-v00@openssh.com
2026-10-09 06:20:51: Server KEXes: sntrup761x25519-sha512@openssh.com,curve25519-sha256,curve25519-sha256@libssh.org,ecdh-sha2-nistp256,ecdh-sha2-nistp384,ecdh-sha2-nistp521,diffie-hellman-group-exchange-sha256,diffie-hellman-group16-sha512,diffie-hellman-group18-sha512,diffie-hellman-group14-sha256,ext-info-s,kex-strict-s-v00@openssh.com
2026-10-09 06:20:51: Server Host Keys: rsa-sha2-512,rsa-sha2-256,ecdsa-sha2-nistp256,ssh-ed25519
2026-10-09 06:20:51: Server Host Keys: rsa-sha2-512,rsa-sha2-256,ecdsa-sha2-nistp256,ssh-ed25519
2026-10-09 06:20:51: Chosen Host Key: ssh-ed25519
2026-10-09 06:20:51: Chosen Host Key: ssh-ed25519
2026-10-09 06:20:51: Ciphers: chacha20-poly1305@openssh.com,aes128-ctr,aes192-ctr,aes256-ctr,aes128-gcm@openssh.com,aes256-gcm@openssh.com
2026-10-09 06:20:51: Ciphers: chacha20-poly1305@openssh.com,aes128-ctr,aes192-ctr,aes256-ctr,aes128-gcm@openssh.com,aes256-gcm@openssh.com
2026-10-09 06:20:51: MACs: umac-64-etm@openssh.com,umac-128-etm@openssh.com,hmac-sha2-256-etm@openssh.com,hmac-sha2-512-etm@openssh.com,hmac-sha1-etm@openssh.com,umac-64@openssh.com,umac-128@openssh.com,hmac-sha2-256,hmac-sha2-512,hmac-sha1
2026-10-09 06:20:51: MACs: umac-64-etm@openssh.com,umac-128-etm@openssh.com,hmac-sha2-256-etm@openssh.com,hmac-sha2-512-etm@openssh.com,hmac-sha1-etm@openssh.com,umac-64@openssh.com,umac-128@openssh.com,hmac-sha2-256,hmac-sha2-512,hmac-sha1
2026-10-09 06:20:51: Server KEXes: sntrup761x25519-sha512@openssh.com,curve25519-sha256,curve25519-sha256@libssh.org,ecdh-sha2-nistp256,ecdh-sha2-nistp384,ecdh-sha2-nistp521,diffie-hellman-group-exchange-sha256,diffie-hellman-group16-sha512,diffie-hellman-group18-sha512,diffie-hellman-group14-sha256,ext-info-s,kex-strict-s-v00@openssh.com
2026-10-09 06:20:51: Server Host Keys: rsa-sha2-512,rsa-sha2-256,ecdsa-sha2-nistp256,ssh-ed25519
2026-10-09 06:20:51: Chosen Host Key: ssh-ed25519
2026-10-09 06:20:51: Ciphers: chacha20-poly1305@openssh.com,aes128-ctr,aes192-ctr,aes256-ctr,aes128-gcm@openssh.com,aes256-gcm@openssh.com
2026-10-09 06:20:51: MACs: umac-64-etm@openssh.com,umac-128-etm@openssh.com,hmac-sha2-256-etm@openssh.com,hmac-sha2-512-etm@openssh.com,hmac-sha1-etm@openssh.com,umac-64@openssh.com,umac-128@openssh.com,hmac-sha2-256,hmac-sha2-512,hmac-sha1
2026-10-09 06:20:51: Server ext-info: publickey-hostbound@openssh.com: 0
2026-10-09 06:20:51: Server ext-info: server-sig-algs: ssh-ed25519,ecdsa-sha2-nistp256,ecdsa-sha2-nistp384,ecdsa-sha2-nistp521,sk-ssh-ed25519@openssh.com,sk-ecdsa-sha2-nistp256@openssh.com,rsa-sha2-512,rsa-sha2-256
2026-10-09 06:20:51: Server ext-info: ping@openssh.com: 0
2026-10-09 06:20:51: Server ext-info: publickey-hostbound@openssh.com: 0
2026-10-09 06:20:51: Server ext-info: server-sig-algs: ssh-ed25519,ecdsa-sha2-nistp256,ecdsa-sha2-nistp384,ecdsa-sha2-nistp521,sk-ssh-ed25519@openssh.com,sk-ecdsa-sha2-nistp256@openssh.com,rsa-sha2-512,rsa-sha2-256
2026-10-09 06:20:51: Server ext-info: ping@openssh.com: 0
2026-10-09 06:20:51: Server ext-info: publickey-hostbound@openssh.com: 0
2026-10-09 06:20:51: Server ext-info: server-sig-algs: ssh-ed25519,ecdsa-sha2-nistp256,ecdsa-sha2-nistp384,ecdsa-sha2-nistp521,sk-ssh-ed25519@openssh.com,sk-ecdsa-sha2-nistp256@openssh.com,rsa-sha2-512,rsa-sha2-256
2026-10-09 06:20:51: Server ext-info: ping@openssh.com: 0
2026-10-09 06:20:51: Auth: start: publickey
2026-10-09 06:20:51: Auth: start: publickey
2026-10-09 06:20:51: Auth: publickey: no keys available
2026-10-09 06:20:51: Auth: start: password
2026-10-09 06:20:51: Auth: publickey: no keys available
2026-10-09 06:20:51: Auth: start: password
2026-10-09 06:20:51: Auth: start: publickey
2026-10-09 06:20:51: Auth: publickey: no keys available
2026-10-09 06:20:51: Auth: start: password
2026-10-09 06:20:52: GsConnectAndSetRoot1 connected to sftp://os3-310-44666.vs.sakura.ne.jp/home/ubuntu/VPSsync/01-WorkspaceSync/modelica-shared/CustomLib/GroundVehicleDynamics
2026-10-09 06:20:52: GsConnectAndSetRoot1 connected to sftp://os3-310-44666.vs.sakura.ne.jp/home/ubuntu/VPSsync/01-WorkspaceSync/modelica-shared/CustomLib/GroundVehicleDynamics
2026-10-09 06:20:52: GsConnectAndSetRoot1 connected to sftp://os3-310-44666.vs.sakura.ne.jp/home/ubuntu/VPSsync/01-WorkspaceSync/modelica-shared/CustomLib/GroundVehicleDynamics
2026-10-09 06:20:53: Copy Over 'C:/Users/grabacr/VPSsync/01-WorkspaceSync/modelica-shared/CustomLib/GroundVehicleDynamics/Examples/Projects/Panjan/TerrainData/tableGrd_z_xy_randomBump_1[1].stl' -> 'sftp://os3-310-44666.vs.sakura.ne.jp/home/ubuntu/VPSsync/01-WorkspaceSync/modelica-shared/CustomLib/GroundVehicleDynamics/Examples/Projects/Panjan/TerrainData/tableGrd_z_xy_randomBump_1[1].stl' (30,689)
2026-10-09 06:20:53: Copy Over 'C:/Users/grabacr/VPSsync/01-WorkspaceSync/modelica-shared/CustomLib/GroundVehicleDynamics/Examples/Projects/Panjan/TerrainData/tableGrd_z_xy_randomBump_1[10].stl' -> 'sftp://os3-310-44666.vs.sakura.ne.jp/home/ubuntu/VPSsync/01-WorkspaceSync/modelica-shared/CustomLib/GroundVehicleDynamics/Examples/Projects/Panjan/TerrainData/tableGrd_z_xy_randomBump_1[10].stl' (47,896)
2026-10-09 06:20:53: Copy Over 'C:/Users/grabacr/VPSsync/01-WorkspaceSync/modelica-shared/CustomLib/GroundVehicleDynamics/Examples/Projects/Panjan/TerrainData/tableGrd_z_xy_randomBump_1[2].stl' -> 'sftp://os3-310-44666.vs.sakura.ne.jp/home/ubuntu/VPSsync/01-WorkspaceSync/modelica-shared/CustomLib/GroundVehicleDynamics/Examples/Projects/Panjan/TerrainData/tableGrd_z_xy_randomBump_1[2].stl' (57,855)
2026-10-09 06:20:53: Copy Over 'C:/Users/grabacr/VPSsync/01-WorkspaceSync/modelica-shared/CustomLib/GroundVehicleDynamics/Examples/Projects/Panjan/TerrainData/tableGrd_z_xy_randomBump_1[3].stl' -> 'sftp://os3-310-44666.vs.sakura.ne.jp/home/ubuntu/VPSsync/01-WorkspaceSync/modelica-shared/CustomLib/GroundVehicleDynamics/Examples/Projects/Panjan/TerrainData/tableGrd_z_xy_randomBump_1[3].stl' (96,716)
2026-10-09 06:20:54: Copy Over 'C:/Users/grabacr/VPSsync/01-WorkspaceSync/modelica-shared/CustomLib/GroundVehicleDynamics/Examples/Projects/Panjan/TerrainData/tableGrd_z_xy_randomBump_1[5].stl' -> 'sftp://os3-310-44666.vs.sakura.ne.jp/home/ubuntu/VPSsync/01-WorkspaceSync/modelica-shared/CustomLib/GroundVehicleDynamics/Examples/Projects/Panjan/TerrainData/tableGrd_z_xy_randomBump_1[5].stl' (101,559)
2026-10-09 06:20:54: Copy Over 'C:/Users/grabacr/VPSsync/01-WorkspaceSync/modelica-shared/CustomLib/GroundVehicleDynamics/Examples/Projects/Panjan/TerrainData/tableGrd_z_xy_randomBump_1[4].stl' -> 'sftp://os3-310-44666.vs.sakura.ne.jp/home/ubuntu/VPSsync/01-WorkspaceSync/modelica-shared/CustomLib/GroundVehicleDynamics/Examples/Projects/Panjan/TerrainData/tableGrd_z_xy_randomBump_1[4].stl' (144,642)
2026-10-09 06:20:55: Copy Over 'C:/Users/grabacr/VPSsync/01-WorkspaceSync/modelica-shared/CustomLib/GroundVehicleDynamics/Examples/Projects/Panjan/TerrainData/tableGrd_z_xy_randomBump_1[7].stl' -> 'sftp://os3-310-44666.vs.sakura.ne.jp/home/ubuntu/VPSsync/01-WorkspaceSync/modelica-shared/CustomLib/GroundVehicleDynamics/Examples/Projects/Panjan/TerrainData/tableGrd_z_xy_randomBump_1[7].stl' (311,256)
2026-10-09 06:20:55: Copy Over 'C:/Users/grabacr/VPSsync/01-WorkspaceSync/modelica-shared/CustomLib/GroundVehicleDynamics/Examples/Projects/Panjan/TerrainData/tableGrd_z_xy_randomBump_1[8].stl' -> 'sftp://os3-310-44666.vs.sakura.ne.jp/home/ubuntu/VPSsync/01-WorkspaceSync/modelica-shared/CustomLib/GroundVehicleDynamics/Examples/Projects/Panjan/TerrainData/tableGrd_z_xy_randomBump_1[8].stl' (275,276)
2026-10-09 06:20:55: Copy Over 'C:/Users/grabacr/VPSsync/01-WorkspaceSync/modelica-shared/CustomLib/GroundVehicleDynamics/Examples/Projects/Panjan/TerrainData/tableGrd_z_xy_randomBump_1[6].stl' -> 'sftp://os3-310-44666.vs.sakura.ne.jp/home/ubuntu/VPSsync/01-WorkspaceSync/modelica-shared/CustomLib/GroundVehicleDynamics/Examples/Projects/Panjan/TerrainData/tableGrd_z_xy_randomBump_1[6].stl' (512,183)
2026-10-09 06:20:55: Copy Over 'C:/Users/grabacr/VPSsync/01-WorkspaceSync/modelica-shared/CustomLib/GroundVehicleDynamics/Examples/Projects/Panjan/TerrainData/tableGrd_z_xy_randomBump_1[9].stl' -> 'sftp://os3-310-44666.vs.sakura.ne.jp/home/ubuntu/VPSsync/01-WorkspaceSync/modelica-shared/CustomLib/GroundVehicleDynamics/Examples/Projects/Panjan/TerrainData/tableGrd_z_xy_randomBump_1[9].stl' (125,885)
2026-10-09 06:20:55: Save State File C:/Users/grabacr/VPSsync/01-WorkspaceSync/modelica-shared/CustomLib/GroundVehicleDynamics/_gsdata_/_file_state_v4._gs
2026-10-09 06:20:56: Save State File sftp://os3-310-44666.vs.sakura.ne.jp/home/ubuntu/VPSsync/01-WorkspaceSync/modelica-shared/CustomLib/GroundVehicleDynamics/_gsdata_/_file_state_v4._gs
2026-10-09 06:20:57: == Sync Complete. Time: 00:00:06, Speed: 419.09 KB/s, OK: 10, Errors: 0
