2026-09-30 05:17:06: Server: SSH-2.0-OpenSSH_9.6p1 Ubuntu-3ubuntu13.19
2026-09-30 05:17:06: Server KEXes: sntrup761x25519-sha512@openssh.com,curve25519-sha256,curve25519-sha256@libssh.org,ecdh-sha2-nistp256,ecdh-sha2-nistp384,ecdh-sha2-nistp521,diffie-hellman-group-exchange-sha256,diffie-hellman-group16-sha512,diffie-hellman-group18-sha512,diffie-hellman-group14-sha256,ext-info-s,kex-strict-s-v00@openssh.com
2026-09-30 05:17:06: Server Host Keys: rsa-sha2-512,rsa-sha2-256,ecdsa-sha2-nistp256,ssh-ed25519
2026-09-30 05:17:06: Chosen Host Key: ssh-ed25519
2026-09-30 05:17:06: Ciphers: chacha20-poly1305@openssh.com,aes128-ctr,aes192-ctr,aes256-ctr,aes128-gcm@openssh.com,aes256-gcm@openssh.com
2026-09-30 05:17:06: MACs: umac-64-etm@openssh.com,umac-128-etm@openssh.com,hmac-sha2-256-etm@openssh.com,hmac-sha2-512-etm@openssh.com,hmac-sha1-etm@openssh.com,umac-64@openssh.com,umac-128@openssh.com,hmac-sha2-256,hmac-sha2-512,hmac-sha1
2026-09-30 05:17:06: Server ext-info: publickey-hostbound@openssh.com: 0
2026-09-30 05:17:06: Server ext-info: server-sig-algs: ssh-ed25519,ecdsa-sha2-nistp256,ecdsa-sha2-nistp384,ecdsa-sha2-nistp521,sk-ssh-ed25519@openssh.com,sk-ecdsa-sha2-nistp256@openssh.com,rsa-sha2-512,rsa-sha2-256
2026-09-30 05:17:06: Server ext-info: ping@openssh.com: 0
2026-09-30 05:17:06: Auth: start: publickey
2026-09-30 05:17:06: Auth: publickey: no keys available
2026-09-30 05:17:06: Auth: start: password
2026-09-30 05:17:07: -- Analysis Started by User Command
2026-09-30 05:17:07: L: Reading State File C:/Users/grabacr/VPSsync/01-WorkspaceSync/modelica-shared/CustomLib/GroundVehicleDynamics/_gsdata_/_file_state_v4._gs
2026-09-30 05:17:08: R: Reading State File sftp://os3-310-44666.vs.sakura.ne.jp/home/ubuntu/VPSsync/01-WorkspaceSync/modelica-shared/CustomLib/GroundVehicleDynamics/_gsdata_/_file_state_v4._gs
2026-09-30 05:17:09: Changes: 3, Conflicts: 0, CopyTime: 0, FixState: 0, Errors: 0, All: 66
2026-09-30 05:17:09: Right to Left: Copy File: 3 
2026-09-30 05:17:09: == Sync Started by User Command
2026-09-30 05:17:09: ConnectCloned connected to file:///~grabacr/VPSsync/01-WorkspaceSync/modelica-shared/CustomLib/GroundVehicleDynamics
2026-09-30 05:17:09: ConnectCloned connected to file:///~grabacr/VPSsync/01-WorkspaceSync/modelica-shared/CustomLib/GroundVehicleDynamics
2026-09-30 05:17:09: ConnectCloned connected to file:///~grabacr/VPSsync/01-WorkspaceSync/modelica-shared/CustomLib/GroundVehicleDynamics
2026-09-30 05:17:09: Server: SSH-2.0-OpenSSH_9.6p1 Ubuntu-3ubuntu13.19
2026-09-30 05:17:09: Server: SSH-2.0-OpenSSH_9.6p1 Ubuntu-3ubuntu13.19
2026-09-30 05:17:09: Server: SSH-2.0-OpenSSH_9.6p1 Ubuntu-3ubuntu13.19
2026-09-30 05:17:09: Server KEXes: sntrup761x25519-sha512@openssh.com,curve25519-sha256,curve25519-sha256@libssh.org,ecdh-sha2-nistp256,ecdh-sha2-nistp384,ecdh-sha2-nistp521,diffie-hellman-group-exchange-sha256,diffie-hellman-group16-sha512,diffie-hellman-group18-sha512,diffie-hellman-group14-sha256,ext-info-s,kex-strict-s-v00@openssh.com
2026-09-30 05:17:09: Server Host Keys: rsa-sha2-512,rsa-sha2-256,ecdsa-sha2-nistp256,ssh-ed25519
2026-09-30 05:17:09: Chosen Host Key: ssh-ed25519
2026-09-30 05:17:09: Ciphers: chacha20-poly1305@openssh.com,aes128-ctr,aes192-ctr,aes256-ctr,aes128-gcm@openssh.com,aes256-gcm@openssh.com
2026-09-30 05:17:09: MACs: umac-64-etm@openssh.com,umac-128-etm@openssh.com,hmac-sha2-256-etm@openssh.com,hmac-sha2-512-etm@openssh.com,hmac-sha1-etm@openssh.com,umac-64@openssh.com,umac-128@openssh.com,hmac-sha2-256,hmac-sha2-512,hmac-sha1
2026-09-30 05:17:10: Server KEXes: sntrup761x25519-sha512@openssh.com,curve25519-sha256,curve25519-sha256@libssh.org,ecdh-sha2-nistp256,ecdh-sha2-nistp384,ecdh-sha2-nistp521,diffie-hellman-group-exchange-sha256,diffie-hellman-group16-sha512,diffie-hellman-group18-sha512,diffie-hellman-group14-sha256,ext-info-s,kex-strict-s-v00@openssh.com
2026-09-30 05:17:10: Server Host Keys: rsa-sha2-512,rsa-sha2-256,ecdsa-sha2-nistp256,ssh-ed25519
2026-09-30 05:17:10: Chosen Host Key: ssh-ed25519
2026-09-30 05:17:10: Ciphers: chacha20-poly1305@openssh.com,aes128-ctr,aes192-ctr,aes256-ctr,aes128-gcm@openssh.com,aes256-gcm@openssh.com
2026-09-30 05:17:10: MACs: umac-64-etm@openssh.com,umac-128-etm@openssh.com,hmac-sha2-256-etm@openssh.com,hmac-sha2-512-etm@openssh.com,hmac-sha1-etm@openssh.com,umac-64@openssh.com,umac-128@openssh.com,hmac-sha2-256,hmac-sha2-512,hmac-sha1
2026-09-30 05:17:10: Server KEXes: sntrup761x25519-sha512@openssh.com,curve25519-sha256,curve25519-sha256@libssh.org,ecdh-sha2-nistp256,ecdh-sha2-nistp384,ecdh-sha2-nistp521,diffie-hellman-group-exchange-sha256,diffie-hellman-group16-sha512,diffie-hellman-group18-sha512,diffie-hellman-group14-sha256,ext-info-s,kex-strict-s-v00@openssh.com
2026-09-30 05:17:10: Server Host Keys: rsa-sha2-512,rsa-sha2-256,ecdsa-sha2-nistp256,ssh-ed25519
2026-09-30 05:17:10: Chosen Host Key: ssh-ed25519
2026-09-30 05:17:10: Ciphers: chacha20-poly1305@openssh.com,aes128-ctr,aes192-ctr,aes256-ctr,aes128-gcm@openssh.com,aes256-gcm@openssh.com
2026-09-30 05:17:10: MACs: umac-64-etm@openssh.com,umac-128-etm@openssh.com,hmac-sha2-256-etm@openssh.com,hmac-sha2-512-etm@openssh.com,hmac-sha1-etm@openssh.com,umac-64@openssh.com,umac-128@openssh.com,hmac-sha2-256,hmac-sha2-512,hmac-sha1
2026-09-30 05:17:10: Server ext-info: publickey-hostbound@openssh.com: 0
2026-09-30 05:17:10: Server ext-info: server-sig-algs: ssh-ed25519,ecdsa-sha2-nistp256,ecdsa-sha2-nistp384,ecdsa-sha2-nistp521,sk-ssh-ed25519@openssh.com,sk-ecdsa-sha2-nistp256@openssh.com,rsa-sha2-512,rsa-sha2-256
2026-09-30 05:17:10: Server ext-info: ping@openssh.com: 0
2026-09-30 05:17:10: Server ext-info: publickey-hostbound@openssh.com: 0
2026-09-30 05:17:10: Server ext-info: server-sig-algs: ssh-ed25519,ecdsa-sha2-nistp256,ecdsa-sha2-nistp384,ecdsa-sha2-nistp521,sk-ssh-ed25519@openssh.com,sk-ecdsa-sha2-nistp256@openssh.com,rsa-sha2-512,rsa-sha2-256
2026-09-30 05:17:10: Server ext-info: ping@openssh.com: 0
2026-09-30 05:17:10: Server ext-info: publickey-hostbound@openssh.com: 0
2026-09-30 05:17:10: Server ext-info: server-sig-algs: ssh-ed25519,ecdsa-sha2-nistp256,ecdsa-sha2-nistp384,ecdsa-sha2-nistp521,sk-ssh-ed25519@openssh.com,sk-ecdsa-sha2-nistp256@openssh.com,rsa-sha2-512,rsa-sha2-256
2026-09-30 05:17:10: Server ext-info: ping@openssh.com: 0
2026-09-30 05:17:10: Auth: start: publickey
2026-09-30 05:17:10: Auth: publickey: no keys available
2026-09-30 05:17:10: Auth: start: password
2026-09-30 05:17:10: Auth: start: publickey
2026-09-30 05:17:10: Auth: start: publickey
2026-09-30 05:17:10: Auth: publickey: no keys available
2026-09-30 05:17:10: Auth: start: password
2026-09-30 05:17:10: Auth: publickey: no keys available
2026-09-30 05:17:10: Auth: start: password
2026-09-30 05:17:11: GsConnectAndSetRoot1 connected to sftp://os3-310-44666.vs.sakura.ne.jp/home/ubuntu/VPSsync/01-WorkspaceSync/modelica-shared/CustomLib/GroundVehicleDynamics
2026-09-30 05:17:11: GsConnectAndSetRoot1 connected to sftp://os3-310-44666.vs.sakura.ne.jp/home/ubuntu/VPSsync/01-WorkspaceSync/modelica-shared/CustomLib/GroundVehicleDynamics
2026-09-30 05:17:11: GsConnectAndSetRoot1 connected to sftp://os3-310-44666.vs.sakura.ne.jp/home/ubuntu/VPSsync/01-WorkspaceSync/modelica-shared/CustomLib/GroundVehicleDynamics
2026-09-30 05:17:11: Create Folder C:/Users/grabacr/VPSsync/01-WorkspaceSync/modelica-shared/CustomLib/GroundVehicleDynamics/Examples/Projects/Panjan/TerrainData
2026-09-30 05:17:11: Copy Over 'sftp://os3-310-44666.vs.sakura.ne.jp/home/ubuntu/VPSsync/01-WorkspaceSync/modelica-shared/CustomLib/GroundVehicleDynamics/Examples/Projects/Panjan/ProtoPanjan_008.mo' -> 'C:/Users/grabacr/VPSsync/01-WorkspaceSync/modelica-shared/CustomLib/GroundVehicleDynamics/Examples/Projects/Panjan/ProtoPanjan_008.mo' (83,253)
2026-09-30 05:17:12: Copy Over 'sftp://os3-310-44666.vs.sakura.ne.jp/home/ubuntu/VPSsync/01-WorkspaceSync/modelica-shared/CustomLib/GroundVehicleDynamics/Examples/Projects/Panjan/tableGrd_z_xy.stl' -> 'C:/Users/grabacr/VPSsync/01-WorkspaceSync/modelica-shared/CustomLib/GroundVehicleDynamics/Examples/Projects/Panjan/tableGrd_z_xy.stl' (184,579)
2026-09-30 05:17:12: Save State File C:/Users/grabacr/VPSsync/01-WorkspaceSync/modelica-shared/CustomLib/GroundVehicleDynamics/_gsdata_/_file_state_v4._gs
2026-09-30 05:17:12: Save State File sftp://os3-310-44666.vs.sakura.ne.jp/home/ubuntu/VPSsync/01-WorkspaceSync/modelica-shared/CustomLib/GroundVehicleDynamics/_gsdata_/_file_state_v4._gs
2026-09-30 05:17:12: Deleted Recycled: C:/Users/grabacr/VPSsync/01-WorkspaceSync/modelica-shared/CustomLib/GroundVehicleDynamics/_gsdata_/_saved_/Examples/Projects/Panjan/ProtoPanjan_004.mo
2026-09-30 05:17:12: Deleted Recycled: sftp://os3-310-44666.vs.sakura.ne.jp/home/ubuntu/VPSsync/01-WorkspaceSync/modelica-shared/CustomLib/GroundVehicleDynamics/_gsdata_/_saved_/Components/WheelGroundTangentialForce.mo
2026-09-30 05:17:12: Deleted Recycled: sftp://os3-310-44666.vs.sakura.ne.jp/home/ubuntu/VPSsync/01-WorkspaceSync/modelica-shared/CustomLib/GroundVehicleDynamics/_gsdata_/_saved_/Examples/Projects/Panjan/package.mo
2026-09-30 05:17:12: Deleted Recycled: sftp://os3-310-44666.vs.sakura.ne.jp/home/ubuntu/VPSsync/01-WorkspaceSync/modelica-shared/CustomLib/GroundVehicleDynamics/_gsdata_/_saved_/Examples/Projects/Panjan/package.order
2026-09-30 05:17:12: Deleted Recycled: sftp://os3-310-44666.vs.sakura.ne.jp/home/ubuntu/VPSsync/01-WorkspaceSync/modelica-shared/CustomLib/GroundVehicleDynamics/_gsdata_/_saved_/Examples/Projects/Panjan/ProtoPanjan_005.mo
2026-09-30 05:17:12: Deleted Recycled: sftp://os3-310-44666.vs.sakura.ne.jp/home/ubuntu/VPSsync/01-WorkspaceSync/modelica-shared/CustomLib/GroundVehicleDynamics/_gsdata_/_saved_/package.mo
2026-09-30 05:17:12: Deleted Recycled: sftp://os3-310-44666.vs.sakura.ne.jp/home/ubuntu/VPSsync/01-WorkspaceSync/modelica-shared/CustomLib/GroundVehicleDynamics/_gsdata_/_saved_/package.order
2026-09-30 05:17:12: Deleted Recycled: sftp://os3-310-44666.vs.sakura.ne.jp/home/ubuntu/VPSsync/01-WorkspaceSync/modelica-shared/CustomLib/GroundVehicleDynamics/_gsdata_/_saved_/Visualization/TerrainTableVisualizer.mo
2026-09-30 05:17:14: GsDeleteEmptyFoldersFS: /_gsdata_/_saved_/Components
2026-09-30 05:17:14: GsDeleteEmptyFoldersFS: /_gsdata_/_saved_/Visualization
2026-09-30 05:17:15: == Sync Complete. Time: 00:00:06, Speed: 0.00/s, OK: 3, Errors: 0
