2026-10-07 06:26:58: Server: SSH-2.0-OpenSSH_9.6p1 Ubuntu-3ubuntu13.19
2026-10-07 06:26:58: Server KEXes: sntrup761x25519-sha512@openssh.com,curve25519-sha256,curve25519-sha256@libssh.org,ecdh-sha2-nistp256,ecdh-sha2-nistp384,ecdh-sha2-nistp521,diffie-hellman-group-exchange-sha256,diffie-hellman-group16-sha512,diffie-hellman-group18-sha512,diffie-hellman-group14-sha256,ext-info-s,kex-strict-s-v00@openssh.com
2026-10-07 06:26:58: Server Host Keys: rsa-sha2-512,rsa-sha2-256,ecdsa-sha2-nistp256,ssh-ed25519
2026-10-07 06:26:58: Chosen Host Key: ssh-ed25519
2026-10-07 06:26:58: Ciphers: chacha20-poly1305@openssh.com,aes128-ctr,aes192-ctr,aes256-ctr,aes128-gcm@openssh.com,aes256-gcm@openssh.com
2026-10-07 06:26:58: MACs: umac-64-etm@openssh.com,umac-128-etm@openssh.com,hmac-sha2-256-etm@openssh.com,hmac-sha2-512-etm@openssh.com,hmac-sha1-etm@openssh.com,umac-64@openssh.com,umac-128@openssh.com,hmac-sha2-256,hmac-sha2-512,hmac-sha1
2026-10-07 06:26:58: Server ext-info: publickey-hostbound@openssh.com: 0
2026-10-07 06:26:58: Server ext-info: server-sig-algs: ssh-ed25519,ecdsa-sha2-nistp256,ecdsa-sha2-nistp384,ecdsa-sha2-nistp521,sk-ssh-ed25519@openssh.com,sk-ecdsa-sha2-nistp256@openssh.com,rsa-sha2-512,rsa-sha2-256
2026-10-07 06:26:58: Server ext-info: ping@openssh.com: 0
2026-10-07 06:26:58: Auth: start: publickey
2026-10-07 06:26:58: Auth: publickey: no keys available
2026-10-07 06:26:58: Auth: start: password
2026-10-07 06:27:00: -- Analysis Started by On File Change First Full Analyze Upon Folder Connect
2026-10-07 06:27:00: L: Reading State File C:/Users/grabacr/VPSsync/01-WorkspaceSync/modelica-shared/CustomLib/GroundVehicleDynamics/_gsdata_/_file_state_v4._gs
2026-10-07 06:27:00: R: Reading State File sftp://os3-310-44666.vs.sakura.ne.jp/home/ubuntu/VPSsync/01-WorkspaceSync/modelica-shared/CustomLib/GroundVehicleDynamics/_gsdata_/_file_state_v4._gs
2026-10-07 06:27:02: Changes: 12, Conflicts: 0, CopyTime: 0, FixState: 0, Errors: 0, All: 104
2026-10-07 06:27:02: Left to Right: Copy File: 12 
2026-10-07 06:27:02: == Sync Started by On File Change First Full Analyze Upon Folder Connect
2026-10-07 06:27:02: ConnectCloned connected to file:///~grabacr/VPSsync/01-WorkspaceSync/modelica-shared/CustomLib/GroundVehicleDynamics
2026-10-07 06:27:02: ConnectCloned connected to file:///~grabacr/VPSsync/01-WorkspaceSync/modelica-shared/CustomLib/GroundVehicleDynamics
2026-10-07 06:27:02: ConnectCloned connected to file:///~grabacr/VPSsync/01-WorkspaceSync/modelica-shared/CustomLib/GroundVehicleDynamics
2026-10-07 06:27:02: Server: SSH-2.0-OpenSSH_9.6p1 Ubuntu-3ubuntu13.19
2026-10-07 06:27:02: Server: SSH-2.0-OpenSSH_9.6p1 Ubuntu-3ubuntu13.19
2026-10-07 06:27:02: Server: SSH-2.0-OpenSSH_9.6p1 Ubuntu-3ubuntu13.19
2026-10-07 06:27:02: Server KEXes: sntrup761x25519-sha512@openssh.com,curve25519-sha256,curve25519-sha256@libssh.org,ecdh-sha2-nistp256,ecdh-sha2-nistp384,ecdh-sha2-nistp521,diffie-hellman-group-exchange-sha256,diffie-hellman-group16-sha512,diffie-hellman-group18-sha512,diffie-hellman-group14-sha256,ext-info-s,kex-strict-s-v00@openssh.com
2026-10-07 06:27:02: Server Host Keys: rsa-sha2-512,rsa-sha2-256,ecdsa-sha2-nistp256,ssh-ed25519
2026-10-07 06:27:02: Chosen Host Key: ssh-ed25519
2026-10-07 06:27:02: Ciphers: chacha20-poly1305@openssh.com,aes128-ctr,aes192-ctr,aes256-ctr,aes128-gcm@openssh.com,aes256-gcm@openssh.com
2026-10-07 06:27:02: MACs: umac-64-etm@openssh.com,umac-128-etm@openssh.com,hmac-sha2-256-etm@openssh.com,hmac-sha2-512-etm@openssh.com,hmac-sha1-etm@openssh.com,umac-64@openssh.com,umac-128@openssh.com,hmac-sha2-256,hmac-sha2-512,hmac-sha1
2026-10-07 06:27:02: Server KEXes: sntrup761x25519-sha512@openssh.com,curve25519-sha256,curve25519-sha256@libssh.org,ecdh-sha2-nistp256,ecdh-sha2-nistp384,ecdh-sha2-nistp521,diffie-hellman-group-exchange-sha256,diffie-hellman-group16-sha512,diffie-hellman-group18-sha512,diffie-hellman-group14-sha256,ext-info-s,kex-strict-s-v00@openssh.com
2026-10-07 06:27:02: Server Host Keys: rsa-sha2-512,rsa-sha2-256,ecdsa-sha2-nistp256,ssh-ed25519
2026-10-07 06:27:02: Chosen Host Key: ssh-ed25519
2026-10-07 06:27:02: Ciphers: chacha20-poly1305@openssh.com,aes128-ctr,aes192-ctr,aes256-ctr,aes128-gcm@openssh.com,aes256-gcm@openssh.com
2026-10-07 06:27:02: MACs: umac-64-etm@openssh.com,umac-128-etm@openssh.com,hmac-sha2-256-etm@openssh.com,hmac-sha2-512-etm@openssh.com,hmac-sha1-etm@openssh.com,umac-64@openssh.com,umac-128@openssh.com,hmac-sha2-256,hmac-sha2-512,hmac-sha1
2026-10-07 06:27:02: Server KEXes: sntrup761x25519-sha512@openssh.com,curve25519-sha256,curve25519-sha256@libssh.org,ecdh-sha2-nistp256,ecdh-sha2-nistp384,ecdh-sha2-nistp521,diffie-hellman-group-exchange-sha256,diffie-hellman-group16-sha512,diffie-hellman-group18-sha512,diffie-hellman-group14-sha256,ext-info-s,kex-strict-s-v00@openssh.com
2026-10-07 06:27:02: Server Host Keys: rsa-sha2-512,rsa-sha2-256,ecdsa-sha2-nistp256,ssh-ed25519
2026-10-07 06:27:02: Chosen Host Key: ssh-ed25519
2026-10-07 06:27:02: Ciphers: chacha20-poly1305@openssh.com,aes128-ctr,aes192-ctr,aes256-ctr,aes128-gcm@openssh.com,aes256-gcm@openssh.com
2026-10-07 06:27:02: MACs: umac-64-etm@openssh.com,umac-128-etm@openssh.com,hmac-sha2-256-etm@openssh.com,hmac-sha2-512-etm@openssh.com,hmac-sha1-etm@openssh.com,umac-64@openssh.com,umac-128@openssh.com,hmac-sha2-256,hmac-sha2-512,hmac-sha1
2026-10-07 06:27:02: Server ext-info: publickey-hostbound@openssh.com: 0
2026-10-07 06:27:02: Server ext-info: server-sig-algs: ssh-ed25519,ecdsa-sha2-nistp256,ecdsa-sha2-nistp384,ecdsa-sha2-nistp521,sk-ssh-ed25519@openssh.com,sk-ecdsa-sha2-nistp256@openssh.com,rsa-sha2-512,rsa-sha2-256
2026-10-07 06:27:02: Server ext-info: ping@openssh.com: 0
2026-10-07 06:27:02: Server ext-info: publickey-hostbound@openssh.com: 0
2026-10-07 06:27:02: Server ext-info: server-sig-algs: ssh-ed25519,ecdsa-sha2-nistp256,ecdsa-sha2-nistp384,ecdsa-sha2-nistp521,sk-ssh-ed25519@openssh.com,sk-ecdsa-sha2-nistp256@openssh.com,rsa-sha2-512,rsa-sha2-256
2026-10-07 06:27:02: Server ext-info: ping@openssh.com: 0
2026-10-07 06:27:02: Server ext-info: publickey-hostbound@openssh.com: 0
2026-10-07 06:27:02: Server ext-info: server-sig-algs: ssh-ed25519,ecdsa-sha2-nistp256,ecdsa-sha2-nistp384,ecdsa-sha2-nistp521,sk-ssh-ed25519@openssh.com,sk-ecdsa-sha2-nistp256@openssh.com,rsa-sha2-512,rsa-sha2-256
2026-10-07 06:27:02: Server ext-info: ping@openssh.com: 0
2026-10-07 06:27:02: Auth: start: publickey
2026-10-07 06:27:02: Auth: publickey: no keys available
2026-10-07 06:27:02: Auth: start: password
2026-10-07 06:27:02: Auth: start: publickey
2026-10-07 06:27:02: Auth: start: publickey
2026-10-07 06:27:02: Auth: publickey: no keys available
2026-10-07 06:27:02: Auth: start: password
2026-10-07 06:27:02: Auth: publickey: no keys available
2026-10-07 06:27:02: Auth: start: password
2026-10-07 06:27:03: GsConnectAndSetRoot1 connected to sftp://os3-310-44666.vs.sakura.ne.jp/home/ubuntu/VPSsync/01-WorkspaceSync/modelica-shared/CustomLib/GroundVehicleDynamics
2026-10-07 06:27:03: GsConnectAndSetRoot1 connected to sftp://os3-310-44666.vs.sakura.ne.jp/home/ubuntu/VPSsync/01-WorkspaceSync/modelica-shared/CustomLib/GroundVehicleDynamics
2026-10-07 06:27:03: GsConnectAndSetRoot1 connected to sftp://os3-310-44666.vs.sakura.ne.jp/home/ubuntu/VPSsync/01-WorkspaceSync/modelica-shared/CustomLib/GroundVehicleDynamics
2026-10-07 06:27:04: Copy Over 'C:/Users/grabacr/VPSsync/01-WorkspaceSync/modelica-shared/CustomLib/GroundVehicleDynamics/Examples/Projects/Panjan/TerrainData/tableGrd_z_xy_randomBump_1[10].stl' -> 'sftp://os3-310-44666.vs.sakura.ne.jp/home/ubuntu/VPSsync/01-WorkspaceSync/modelica-shared/CustomLib/GroundVehicleDynamics/Examples/Projects/Panjan/TerrainData/tableGrd_z_xy_randomBump_1[10].stl' (47,896)
2026-10-07 06:27:04: Copy Over 'C:/Users/grabacr/VPSsync/01-WorkspaceSync/modelica-shared/CustomLib/GroundVehicleDynamics/Examples/Projects/Panjan/TerrainData/tableGrd_z_xy_randomBump_1.txt' -> 'sftp://os3-310-44666.vs.sakura.ne.jp/home/ubuntu/VPSsync/01-WorkspaceSync/modelica-shared/CustomLib/GroundVehicleDynamics/Examples/Projects/Panjan/TerrainData/tableGrd_z_xy_randomBump_1.txt' (5,434)
2026-10-07 06:27:04: Copy Over 'C:/Users/grabacr/VPSsync/01-WorkspaceSync/modelica-shared/CustomLib/GroundVehicleDynamics/Examples/Projects/Panjan/ProtoPanjan_008.mo' -> 'sftp://os3-310-44666.vs.sakura.ne.jp/home/ubuntu/VPSsync/01-WorkspaceSync/modelica-shared/CustomLib/GroundVehicleDynamics/Examples/Projects/Panjan/ProtoPanjan_008.mo' (84,325)
2026-10-07 06:27:04: Copy Over 'C:/Users/grabacr/VPSsync/01-WorkspaceSync/modelica-shared/CustomLib/GroundVehicleDynamics/Examples/Projects/Panjan/TerrainData/tableGrd_z_xy_randomBump_1[1].stl' -> 'sftp://os3-310-44666.vs.sakura.ne.jp/home/ubuntu/VPSsync/01-WorkspaceSync/modelica-shared/CustomLib/GroundVehicleDynamics/Examples/Projects/Panjan/TerrainData/tableGrd_z_xy_randomBump_1[1].stl' (30,689)
2026-10-07 06:27:04: Copy Over 'C:/Users/grabacr/VPSsync/01-WorkspaceSync/modelica-shared/CustomLib/GroundVehicleDynamics/Examples/Projects/Panjan/TerrainData/tableGrd_z_xy_randomBump_1[2].stl' -> 'sftp://os3-310-44666.vs.sakura.ne.jp/home/ubuntu/VPSsync/01-WorkspaceSync/modelica-shared/CustomLib/GroundVehicleDynamics/Examples/Projects/Panjan/TerrainData/tableGrd_z_xy_randomBump_1[2].stl' (57,855)
2026-10-07 06:27:05: Copy Over 'C:/Users/grabacr/VPSsync/01-WorkspaceSync/modelica-shared/CustomLib/GroundVehicleDynamics/Examples/Projects/Panjan/TerrainData/tableGrd_z_xy_randomBump_1[3].stl' -> 'sftp://os3-310-44666.vs.sakura.ne.jp/home/ubuntu/VPSsync/01-WorkspaceSync/modelica-shared/CustomLib/GroundVehicleDynamics/Examples/Projects/Panjan/TerrainData/tableGrd_z_xy_randomBump_1[3].stl' (96,716)
2026-10-07 06:27:05: Copy Over 'C:/Users/grabacr/VPSsync/01-WorkspaceSync/modelica-shared/CustomLib/GroundVehicleDynamics/Examples/Projects/Panjan/TerrainData/tableGrd_z_xy_randomBump_1[5].stl' -> 'sftp://os3-310-44666.vs.sakura.ne.jp/home/ubuntu/VPSsync/01-WorkspaceSync/modelica-shared/CustomLib/GroundVehicleDynamics/Examples/Projects/Panjan/TerrainData/tableGrd_z_xy_randomBump_1[5].stl' (101,559)
2026-10-07 06:27:05: Copy Over 'C:/Users/grabacr/VPSsync/01-WorkspaceSync/modelica-shared/CustomLib/GroundVehicleDynamics/Examples/Projects/Panjan/TerrainData/tableGrd_z_xy_randomBump_1[4].stl' -> 'sftp://os3-310-44666.vs.sakura.ne.jp/home/ubuntu/VPSsync/01-WorkspaceSync/modelica-shared/CustomLib/GroundVehicleDynamics/Examples/Projects/Panjan/TerrainData/tableGrd_z_xy_randomBump_1[4].stl' (144,642)
2026-10-07 06:27:05: Copy Over 'C:/Users/grabacr/VPSsync/01-WorkspaceSync/modelica-shared/CustomLib/GroundVehicleDynamics/Examples/Projects/Panjan/TerrainData/tableGrd_z_xy_randomBump_1[6].stl' -> 'sftp://os3-310-44666.vs.sakura.ne.jp/home/ubuntu/VPSsync/01-WorkspaceSync/modelica-shared/CustomLib/GroundVehicleDynamics/Examples/Projects/Panjan/TerrainData/tableGrd_z_xy_randomBump_1[6].stl' (512,183)
2026-10-07 06:27:05: Copy Over 'C:/Users/grabacr/VPSsync/01-WorkspaceSync/modelica-shared/CustomLib/GroundVehicleDynamics/Examples/Projects/Panjan/TerrainData/tableGrd_z_xy_randomBump_1[7].stl' -> 'sftp://os3-310-44666.vs.sakura.ne.jp/home/ubuntu/VPSsync/01-WorkspaceSync/modelica-shared/CustomLib/GroundVehicleDynamics/Examples/Projects/Panjan/TerrainData/tableGrd_z_xy_randomBump_1[7].stl' (311,256)
2026-10-07 06:27:05: Copy Over 'C:/Users/grabacr/VPSsync/01-WorkspaceSync/modelica-shared/CustomLib/GroundVehicleDynamics/Examples/Projects/Panjan/TerrainData/tableGrd_z_xy_randomBump_1[8].stl' -> 'sftp://os3-310-44666.vs.sakura.ne.jp/home/ubuntu/VPSsync/01-WorkspaceSync/modelica-shared/CustomLib/GroundVehicleDynamics/Examples/Projects/Panjan/TerrainData/tableGrd_z_xy_randomBump_1[8].stl' (275,276)
2026-10-07 06:27:06: Copy Over 'C:/Users/grabacr/VPSsync/01-WorkspaceSync/modelica-shared/CustomLib/GroundVehicleDynamics/Examples/Projects/Panjan/TerrainData/tableGrd_z_xy_randomBump_1[9].stl' -> 'sftp://os3-310-44666.vs.sakura.ne.jp/home/ubuntu/VPSsync/01-WorkspaceSync/modelica-shared/CustomLib/GroundVehicleDynamics/Examples/Projects/Panjan/TerrainData/tableGrd_z_xy_randomBump_1[9].stl' (125,885)
2026-10-07 06:27:06: Save State File C:/Users/grabacr/VPSsync/01-WorkspaceSync/modelica-shared/CustomLib/GroundVehicleDynamics/_gsdata_/_file_state_v4._gs
2026-10-07 06:27:06: Save State File sftp://os3-310-44666.vs.sakura.ne.jp/home/ubuntu/VPSsync/01-WorkspaceSync/modelica-shared/CustomLib/GroundVehicleDynamics/_gsdata_/_file_state_v4._gs
2026-10-07 06:27:08: == Sync Complete. Time: 00:00:06, Speed: 448.43 KB/s, OK: 12, Errors: 0
