2026-08-30 00:37:37: Server: SSH-2.0-OpenSSH_9.6p1 Ubuntu-3ubuntu13.18
2026-08-30 00:37:37: Server KEXes: sntrup761x25519-sha512@openssh.com,curve25519-sha256,curve25519-sha256@libssh.org,ecdh-sha2-nistp256,ecdh-sha2-nistp384,ecdh-sha2-nistp521,diffie-hellman-group-exchange-sha256,diffie-hellman-group16-sha512,diffie-hellman-group18-sha512,diffie-hellman-group14-sha256,ext-info-s,kex-strict-s-v00@openssh.com
2026-08-30 00:37:37: Server Host Keys: rsa-sha2-512,rsa-sha2-256,ecdsa-sha2-nistp256,ssh-ed25519
2026-08-30 00:37:37: Chosen Host Key: ssh-ed25519
2026-08-30 00:37:37: Ciphers: chacha20-poly1305@openssh.com,aes128-ctr,aes192-ctr,aes256-ctr,aes128-gcm@openssh.com,aes256-gcm@openssh.com
2026-08-30 00:37:37: MACs: umac-64-etm@openssh.com,umac-128-etm@openssh.com,hmac-sha2-256-etm@openssh.com,hmac-sha2-512-etm@openssh.com,hmac-sha1-etm@openssh.com,umac-64@openssh.com,umac-128@openssh.com,hmac-sha2-256,hmac-sha2-512,hmac-sha1
2026-08-30 00:37:37: Server ext-info: publickey-hostbound@openssh.com: 0
2026-08-30 00:37:37: Server ext-info: server-sig-algs: ssh-ed25519,ecdsa-sha2-nistp256,ecdsa-sha2-nistp384,ecdsa-sha2-nistp521,sk-ssh-ed25519@openssh.com,sk-ecdsa-sha2-nistp256@openssh.com,rsa-sha2-512,rsa-sha2-256
2026-08-30 00:37:37: Server ext-info: ping@openssh.com: 0
2026-08-30 00:37:37: Auth: start: publickey
2026-08-30 00:37:37: Auth: publickey: no keys available
2026-08-30 00:37:37: Auth: start: password
2026-08-30 00:37:38: -- Analysis Started by User Command
2026-08-30 00:37:38: L: Reading State File C:/Users/grabacr/VPSsync/01-WorkspaceSync/modelica-shared/CustomLib/GroundVehicleDynamics/_gsdata_/_file_state_v4._gs
2026-08-30 00:37:39: R: Reading State File sftp://os3-310-44666.vs.sakura.ne.jp/home/ubuntu/VPSsync/01-WorkspaceSync/modelica-shared/CustomLib/GroundVehicleDynamics/_gsdata_/_file_state_v4._gs
2026-08-30 00:37:40: Changes: 2, Conflicts: 0, CopyTime: 0, FixState: 0, Errors: 0, All: 56
2026-08-30 00:37:40: Right to Left: Copy File: 2 
2026-08-30 00:37:40: == Sync Started by User Command
2026-08-30 00:37:40: Start only 2 threads, limited by tasks to run
2026-08-30 00:37:40: ConnectCloned connected to file:///~grabacr/VPSsync/01-WorkspaceSync/modelica-shared/CustomLib/GroundVehicleDynamics
2026-08-30 00:37:40: ConnectCloned connected to file:///~grabacr/VPSsync/01-WorkspaceSync/modelica-shared/CustomLib/GroundVehicleDynamics
2026-08-30 00:37:40: Server: SSH-2.0-OpenSSH_9.6p1 Ubuntu-3ubuntu13.18
2026-08-30 00:37:40: Server: SSH-2.0-OpenSSH_9.6p1 Ubuntu-3ubuntu13.18
2026-08-30 00:37:40: Server KEXes: sntrup761x25519-sha512@openssh.com,curve25519-sha256,curve25519-sha256@libssh.org,ecdh-sha2-nistp256,ecdh-sha2-nistp384,ecdh-sha2-nistp521,diffie-hellman-group-exchange-sha256,diffie-hellman-group16-sha512,diffie-hellman-group18-sha512,diffie-hellman-group14-sha256,ext-info-s,kex-strict-s-v00@openssh.com
2026-08-30 00:37:40: Server Host Keys: rsa-sha2-512,rsa-sha2-256,ecdsa-sha2-nistp256,ssh-ed25519
2026-08-30 00:37:40: Chosen Host Key: ssh-ed25519
2026-08-30 00:37:40: Ciphers: chacha20-poly1305@openssh.com,aes128-ctr,aes192-ctr,aes256-ctr,aes128-gcm@openssh.com,aes256-gcm@openssh.com
2026-08-30 00:37:40: MACs: umac-64-etm@openssh.com,umac-128-etm@openssh.com,hmac-sha2-256-etm@openssh.com,hmac-sha2-512-etm@openssh.com,hmac-sha1-etm@openssh.com,umac-64@openssh.com,umac-128@openssh.com,hmac-sha2-256,hmac-sha2-512,hmac-sha1
2026-08-30 00:37:40: Server KEXes: sntrup761x25519-sha512@openssh.com,curve25519-sha256,curve25519-sha256@libssh.org,ecdh-sha2-nistp256,ecdh-sha2-nistp384,ecdh-sha2-nistp521,diffie-hellman-group-exchange-sha256,diffie-hellman-group16-sha512,diffie-hellman-group18-sha512,diffie-hellman-group14-sha256,ext-info-s,kex-strict-s-v00@openssh.com
2026-08-30 00:37:40: Server Host Keys: rsa-sha2-512,rsa-sha2-256,ecdsa-sha2-nistp256,ssh-ed25519
2026-08-30 00:37:40: Chosen Host Key: ssh-ed25519
2026-08-30 00:37:40: Ciphers: chacha20-poly1305@openssh.com,aes128-ctr,aes192-ctr,aes256-ctr,aes128-gcm@openssh.com,aes256-gcm@openssh.com
2026-08-30 00:37:40: MACs: umac-64-etm@openssh.com,umac-128-etm@openssh.com,hmac-sha2-256-etm@openssh.com,hmac-sha2-512-etm@openssh.com,hmac-sha1-etm@openssh.com,umac-64@openssh.com,umac-128@openssh.com,hmac-sha2-256,hmac-sha2-512,hmac-sha1
2026-08-30 00:37:40: Server ext-info: publickey-hostbound@openssh.com: 0
2026-08-30 00:37:40: Server ext-info: server-sig-algs: ssh-ed25519,ecdsa-sha2-nistp256,ecdsa-sha2-nistp384,ecdsa-sha2-nistp521,sk-ssh-ed25519@openssh.com,sk-ecdsa-sha2-nistp256@openssh.com,rsa-sha2-512,rsa-sha2-256
2026-08-30 00:37:40: Server ext-info: ping@openssh.com: 0
2026-08-30 00:37:40: Server ext-info: publickey-hostbound@openssh.com: 0
2026-08-30 00:37:40: Server ext-info: server-sig-algs: ssh-ed25519,ecdsa-sha2-nistp256,ecdsa-sha2-nistp384,ecdsa-sha2-nistp521,sk-ssh-ed25519@openssh.com,sk-ecdsa-sha2-nistp256@openssh.com,rsa-sha2-512,rsa-sha2-256
2026-08-30 00:37:40: Server ext-info: ping@openssh.com: 0
2026-08-30 00:37:40: Auth: start: publickey
2026-08-30 00:37:40: Auth: publickey: no keys available
2026-08-30 00:37:40: Auth: start: password
2026-08-30 00:37:40: Auth: start: publickey
2026-08-30 00:37:40: Auth: publickey: no keys available
2026-08-30 00:37:40: Auth: start: password
2026-08-30 00:37:41: GsConnectAndSetRoot1 connected to sftp://os3-310-44666.vs.sakura.ne.jp/home/ubuntu/VPSsync/01-WorkspaceSync/modelica-shared/CustomLib/GroundVehicleDynamics
2026-08-30 00:37:41: GsConnectAndSetRoot1 connected to sftp://os3-310-44666.vs.sakura.ne.jp/home/ubuntu/VPSsync/01-WorkspaceSync/modelica-shared/CustomLib/GroundVehicleDynamics
2026-08-30 00:37:41: Copy Over 'sftp://os3-310-44666.vs.sakura.ne.jp/home/ubuntu/VPSsync/01-WorkspaceSync/modelica-shared/CustomLib/GroundVehicleDynamics/Visualization/TerrainTableVisualizer.mo' -> 'C:/Users/grabacr/VPSsync/01-WorkspaceSync/modelica-shared/CustomLib/GroundVehicleDynamics/Visualization/TerrainTableVisualizer.mo' (9,854)
2026-08-30 00:37:41: Copy Over 'sftp://os3-310-44666.vs.sakura.ne.jp/home/ubuntu/VPSsync/01-WorkspaceSync/modelica-shared/CustomLib/GroundVehicleDynamics/Examples/Projects/Panjan/ProtoPanjan_005.mo' -> 'C:/Users/grabacr/VPSsync/01-WorkspaceSync/modelica-shared/CustomLib/GroundVehicleDynamics/Examples/Projects/Panjan/ProtoPanjan_005.mo' (28,958)
2026-08-30 00:37:41: Save State File C:/Users/grabacr/VPSsync/01-WorkspaceSync/modelica-shared/CustomLib/GroundVehicleDynamics/_gsdata_/_file_state_v4._gs
2026-08-30 00:37:42: Save State File sftp://os3-310-44666.vs.sakura.ne.jp/home/ubuntu/VPSsync/01-WorkspaceSync/modelica-shared/CustomLib/GroundVehicleDynamics/_gsdata_/_file_state_v4._gs
2026-08-30 00:37:43: == Sync Complete. Time: 00:00:03, Speed: 0.00/s, OK: 2, Errors: 0
